// Jest Snapshot v1, https://goo.gl/fbAQLP

exports[`<Nav/> renders a minimal nav when signed out 1`] = `
<NavStyles>
  <ul
    className="NavStyles-sc-7eahnl-0 IMzjj"
  >
    <Link
      href="/"
    >
      <a
        href="index"
        onClick={[Function]}
        onMouseEnter={[Function]}
      >
        Shop
      </a>
    </Link>
    <Link
      href="/signin"
    >
      <a
        href="signin"
        onClick={[Function]}
        onMouseEnter={[Function]}
      >
        Sign In
      </a>
    </Link>
  </ul>
</NavStyles>
`;
