// Jest Snapshot v1, https://goo.gl/fbAQLP

exports[`<RequestReset /> renders and matches snapshot 1`] = `
<form
  className="Form-sc-3ek8g3-0 kxkTjx"
  method="post"
  onSubmit={[Function]}
>
  <fieldset
    aria-busy={false}
    disabled={false}
  >
    <h2>
      Forgot password?
    </h2>
    <DisplayError
      error={Object {}}
    />
    <label>
      Email
      <input
        name="email"
        onChange={[Function]}
        placeholder="Email"
        required={true}
        type="email"
        value=""
      />
    </label>
  </fieldset>
  <button
    type="submit"
  >
    Reset Password!
  </button>
</form>
`;
