// Jest Snapshot v1, https://goo.gl/fbAQLP

exports[`<SignUp/> renders and matches snapshot 1`] = `
<form
  className="Form-sc-3ek8g3-0 kxkTjx"
  method="post"
  onSubmit={[Function]}
>
  <fieldset
    aria-busy={false}
    disabled={false}
  >
    <h2>
      Register An Account
    </h2>
    <DisplayError
      error={Object {}}
    />
    <label>
      Email
      <input
        name="email"
        onChange={[Function]}
        placeholder="Email"
        required={true}
        type="email"
        value=""
      />
    </label>
    <label>
      Name
      <input
        name="name"
        onChange={[Function]}
        placeholder="Name"
        required={true}
        type="text"
        value=""
      />
    </label>
    <label>
      Password
      <input
        name="password"
        onChange={[Function]}
        placeholder="Password"
        required={true}
        type="password"
        value=""
      />
    </label>
  </fieldset>
  <button
    type="submit"
  >
    Register!
  </button>
</form>
`;
